PS C:\Users\xlr8v\.vscode\html> cd your_project_directory
PS C:\Users\xlr8v\.vscode\html\your_project_directory> git init
Initialized empty Git repository in C:/Users/xlr8v/.vscode/html/your_project_directory/.git/
PS C:\Users\xlr8v\.vscode\html\your_project_directory> echo "# Project Title" >> README.md
PS C:\Users\xlr8v\.vscode\html\your_project_directory> git add README.md
PS C:\Users\xlr8v\.vscode\html\your_project_directory> git commit -m "Initial commit with README.md"
Author identity unknown

*** Please tell me who you are.

Run

  git config --global user.email "you@example.com"
  git config --global user.name "Your Name"

to set your account's default identity.
Omit --global to set the identity only in this repository.

fatal: unable to auto-detect email address (got 'xlr8v@Paul.(none)')
PS C:\Users\xlr8v\.vscode\html\your_project_directory> git config --global user.email "niketana.lokesh@gmail.com"   
PS C:\Users\xlr8v\.vscode\html\your_project_directory> git config --global user.name "Niketana" 
PS C:\Users\xlr8v\.vscode\html\your_project_directory> git commit -m "Initial commit with README.md"
[master (root-commit) a0439f9] Initial commit with README.md
 1 file changed, 0 insertions(+), 0 deletions(-)
 create mode 100644 README.md
PS C:\Users\xlr8v\.vscode\html\your_project_directory> git add .
PS C:\Users\xlr8v\.vscode\html\your_project_directory> git commit -m "Your commit message"
[master 409eb89] Your commit message
 1 file changed, 0 insertions(+), 0 deletions(-)
 create mode 100644 index.html
PS C:\Users\xlr8v\.vscode\html\your_project_directory> git status
On branch master
nothing to commit, working tree clean
PS C:\Users\xlr8v\.vscode\html\your_project_directory> git log
commit 409eb8955016ee067768237f7159f1595a4f2ba6 (HEAD -> master)
Author: Niketana <niketana.lokesh@gmail.com>
Date:   Tue Jan 16 19:29:18 2024 +0530

    Your commit message

commit a0439f955cb525f3968091997560c32ec83ab06d
Author: Niketana <niketana.lokesh@gmail.com>
Date:   Tue Jan 16 19:27:19 2024 +0530

    Initial commit with README.md
PS C:\Users\xlr8v\.vscode\html\your_project_directory> git branch feature-branch
PS C:\Users\xlr8v\.vscode\html\your_project_directory> git checkout feature-branch
Switched to branch 'feature-branch'
PS C:\Users\xlr8v\.vscode\html\your_project_directory> git add .
PS C:\Users\xlr8v\.vscode\html\your_project_directory> git commit -m "Add feature in script.js"
On branch feature-branch
nothing to commit, working tree clean
PS C:\Users\xlr8v\.vscode\html\your_project_directory> git checkout main
error: pathspec 'main' did not match any file(s) known to git
PS C:\Users\xlr8v\.vscode\html\your_project_directory> git branch
* feature-branch
  master
PS C:\Users\xlr8v\.vscode\html\your_project_directory> git checkout master
Switched to branch 'master'
PS C:\Users\xlr8v\.vscode\html\your_project_directory> git merge feature-branch
Already up to date.
PS C:\Users\xlr8v\.vscode\html\your_project_directory> git remote add origin https://github.com/your_username/your_remote_repository.git
PS C:\Users\xlr8v\.vscode\html\your_project_directory> git push -u origin main
error: src refspec main does not match any
error: failed to push some refs to 'https://github.com/your_username/your_remote_repository.git'
PS C:\Users\xlr8v\.vscode\html\your_project_directory> git push -u origin master
info: please complete authentication in your browser...
remote: Repository not found.
fatal: repository 'https://github.com/your_username/your_remote_repository.git/' not found
PS C:\Users\xlr8v\.vscode\html\your_project_directory> git pull origin master
info: please complete authentication in your browser...
remote: Repository not found.
fatal: repository 'https://github.com/your_username/your_remote_repository.git/' not found
PS C:\Users\xlr8v\.vscode\html\your_project_directory> remote add origin https://github.com/nikes303/w3o_backend.git
remote : The term 'remote' is not recognized as the name of a cmdlet, function, script file, or operable program. Check the      
spelling of the name, or if a path was included, verify that the path is correct and try again.
At line:1 char:1
+ remote add origin https://github.com/nikes303/w3o_backend.git
+ ~~~~~~
    + CategoryInfo          : ObjectNotFound: (remote:String) [], CommandNotFoundException
    + FullyQualifiedErrorId : CommandNotFoundException

PS C:\Users\xlr8v\.vscode\html\your_project_directory> git remote add origin https://github.com/nikes303/w3o_backend.git
error: remote origin already exists.
PS C:\Users\xlr8v\.vscode\html\your_project_directory> git add origin https://github.com/nikes303/w3o_backend.git
fatal: pathspec 'origin' did not match any files
PS C:\Users\xlr8v\.vscode\html\your_project_directory> git remote set-url origin https://github.com/nikes303/w3o_backend.git     
PS C:\Users\xlr8v\.vscode\html\your_project_directory> git push -u origin master
info: please complete authentication in your browser...
Enumerating objects: 6, done.
Counting objects: 100% (6/6), done.
Delta compression using up to 8 threads
Compressing objects: 100% (5/5), done.
Writing objects: 100% (6/6), 598 bytes | 598.00 KiB/s, done.
Total 6 (delta 0), reused 0 (delta 0), pack-reused 0
remote:
remote: Create a pull request for 'master' on GitHub by visiting:
remote:      https://github.com/nikes303/w3o_backend/pull/new/master
remote:
To https://github.com/nikes303/w3o_backend.git
 * [new branch]      master -> master
branch 'master' set up to track 'origin/master'.
PS C:\Users\xlr8v\.vscode\html\your_project_directory> git pull origin master
From https://github.com/nikes303/w3o_backend
 * branch            master     -> FETCH_HEAD
Already up to date.
PS C:\Users\xlr8v\.vscode\html\your_project_directory> git checkout master
Already on 'master'
Your branch is up to date with 'origin/master'.
PS C:\Users\xlr8v\.vscode\html\your_project_directory> git pull origin master
From https://github.com/nikes303/w3o_backend
 * branch            master     -> FETCH_HEAD
Already up to date.
PS C:\Users\xlr8v\.vscode\html\your_project_directory> git checkout task1
error: pathspec 'task1' did not match any file(s) known to git
PS C:\Users\xlr8v\.vscode\html\your_project_directory> git fetch origin
remote: Enumerating objects: 4, done.
remote: Counting objects: 100% (4/4), done.
remote: Compressing objects: 100% (4/4), done.
remote: Total 4 (delta 0), reused 4 (delta 0), pack-reused 0
Unpacking objects: 100% (4/4), 52.62 KiB | 1.05 MiB/s, done.
From https://github.com/nikes303/w3o_backend
 * [new branch]      task1      -> origin/task1
 * [new branch]      task2      -> origin/task2
PS C:\Users\xlr8v\.vscode\html\your_project_directory> git branch -a
  feature-branch
* master
  remotes/origin/master
  remotes/origin/task1
  remotes/origin/task2
PS C:\Users\xlr8v\.vscode\html\your_project_directory> git checkout -b task1 origin/task1
Switched to a new branch 'task1'
branch 'task1' set up to track 'origin/task1'.
PS C:\Users\xlr8v\.vscode\html\your_project_directory> git pull origin task1
From https://github.com/nikes303/w3o_backend
 * branch            task1      -> FETCH_HEAD
Already up to date.
PS C:\Users\xlr8v\.vscode\html\your_project_directory> git checkout task1
Already on 'task1'
Your branch is up to date with 'origin/task1'.
PS C:\Users\xlr8v\.vscode\html\your_project_directory> git pull origin task1
From https://github.com/nikes303/w3o_backend
 * branch            task1      -> FETCH_HEAD
Already up to date.
